SQL> CREATE table sawon(
  2  sabun number(3),
  3  saname varchar2(10) CONSTRAINT sawon_saname_nn NOT NULL,
  4  deptno number(3),
  5  sajob varchar2(10),
  6  sapay number(10),
  7  sahire date DEFAULT sysdate,
  8  sasex varchar2(6),
  9  samgr number(3),
 10  CONSTRAINT sawon_sabun_pk PRIMARY KEY (sabun),
 11  CONSTRAINT sawon_deptno_fk FOREIGN KEY (deptno) REFERENCES dept(deptno) on delete cascade,
 12  CONSTRAINT sawon_sasex_ck CHECK (sasex in ('남자','여자')),
 13  CONSTRAINT sawon_samgr_fk FOREIGN KEY (samgr) REFERENCES sawon(sabun)
 14  );

Table created.

SQL> CREATE table gogek(
  2  gobun number(3),
  3  goname varchar2(10),
  4  gotel varchar2(20),
  5  gojumin varchar2(14),
  6  godam number(3),
  7  CONSTRAINT gogek_gobun_pk PRIMARY KEY (gobun),
  8  CONSTRAINT gogek_godam_fk FOREIGN KEY (godam) REFERENCES sawon(sabun)
  9  );

Table created.

SQL> insert into dept values(10,'총무부','서울');

1 row created.

SQL> insert into dept values(20,'영업부','대전');

1 row created.

SQL> insert into sawon values(1, '홍길동', 10, '회장', 5000, '1980/01/01', '남자', null);

1 row created.

SQL> insert into sawon values(2, '한국남', 20, '부장', 3000, '1988/11/01', '남자', 1);

1 row created.

SQL> delete dept where deptno = 10;
delete dept where deptno = 10
*
ERROR at line 1:
ORA-02292: integrity constraint (SCOTT.SAWON_SAMGR_FK) violated - child record found


SQL> delete dept where deptno = 20;

1 row deleted.

SQL> delete dept where deptno = 10;

1 row deleted.
